[zrtechsolutions.com/demo/html/technoit/index.html]
[backblue.gif]
[fade.gif]
[index.html]
[zrtechsolutions.com/demo/html/technoit/assets/images/favicon.png]
[zrtechsolutions.com/demo/html/technoit/assets/images/apple-touch-icon.png]
[zrtechsolutions.com/demo/html/technoit/assets/vendor/aos/aos.css]
[zrtechsolutions.com/demo/html/technoit/assets/stylesheets/font-awesome.min.css]
[zrtechsolutions.com/demo/html/technoit/assets/vendor/swiper/swiper-bundle.min.css]
[zrtechsolutions.com/demo/html/technoit/assets/vendor/glightbox/css/glightbox.min.css]
[zrtechsolutions.com/demo/html/technoit/assets/vendor/bootstrap/css/bootstrap.min.css]
[zrtechsolutions.com/demo/html/technoit/assets/vendor/bootstrap-icons/bootstrap-icons.css]
[zrtechsolutions.com/demo/html/technoit/assets/stylesheets/styles.css]
[zrtechsolutions.com/demo/html/technoit/index-2.html]
[zrtechsolutions.com/demo/html/technoit/assets/images/logo.png]
[zrtechsolutions.com/demo/html/technoit/services.html]
[zrtechsolutions.com/demo/html/technoit/portfolio.html]
[zrtechsolutions.com/demo/html/technoit/testimonials.html]
[zrtechsolutions.com/demo/html/technoit/team.html]
[zrtechsolutions.com/demo/html/technoit/about.html]
[zrtechsolutions.com/demo/html/technoit/packages.html]
[zrtechsolutions.com/demo/html/technoit/faqs.html]
[zrtechsolutions.com/demo/html/technoit/privacy-policy.html]
[zrtechsolutions.com/demo/html/technoit/blogs.html]
[zrtechsolutions.com/demo/html/technoit/blog-details.html]
[zrtechsolutions.com/demo/html/technoit/contact.html]
[zrtechsolutions.com/demo/html/technoit/assets/images/icons/service-design.svg]
[zrtechsolutions.com/demo/html/technoit/assets/images/icons/service-hosting.svg]
[zrtechsolutions.com/demo/html/technoit/assets/images/icons/service-social.svg]
[zrtechsolutions.com/demo/html/technoit/assets/images/icons/service-seo.svg]
[zrtechsolutions.com/demo/html/technoit/assets/images/icons/service-cloud.svg]
[zrtechsolutions.com/demo/html/technoit/assets/images/icons/service-secure.svg]
[zrtechsolutions.com/demo/html/technoit/assets/images/icons/icon-1.svg]
[zrtechsolutions.com/demo/html/technoit/assets/images/icons/icon-2.svg]
[zrtechsolutions.com/demo/html/technoit/assets/images/icons/icon-3.svg]
[zrtechsolutions.com/demo/html/technoit/assets/images/features.jpg]
[zrtechsolutions.com/demo/html/technoit/assets/images/icons/icon-4.svg]
[zrtechsolutions.com/demo/html/technoit/assets/images/icons/icon-5.svg]
[zrtechsolutions.com/demo/html/technoit/assets/images/icons/icon-6.svg]
[zrtechsolutions.com/demo/html/technoit/assets/images/portfolio/product-1.jpg]
[zrtechsolutions.com/demo/html/technoit/assets/images/portfolio/product-2.jpg]
[zrtechsolutions.com/demo/html/technoit/assets/images/portfolio/product-3.jpg]
[zrtechsolutions.com/demo/html/technoit/assets/images/portfolio/product-4.jpg]
[zrtechsolutions.com/demo/html/technoit/assets/images/portfolio/product-5.jpg]
[zrtechsolutions.com/demo/html/technoit/assets/images/portfolio/product-6.jpg]
[zrtechsolutions.com/demo/html/technoit/assets/images/testimonials/testimonial-1.jpg]
[zrtechsolutions.com/demo/html/technoit/assets/images/testimonials/testimonial-2.jpg]
[zrtechsolutions.com/demo/html/technoit/assets/images/testimonials/testimonial-3.jpg]
[zrtechsolutions.com/demo/html/technoit/assets/images/testimonials/testimonial-4.jpg]
[zrtechsolutions.com/demo/html/technoit/assets/images/icons/happy-clients.svg]
[zrtechsolutions.com/demo/html/technoit/assets/images/icons/complete-projects.svg]
[zrtechsolutions.com/demo/html/technoit/assets/images/icons/hours-support.svg]
[zrtechsolutions.com/demo/html/technoit/assets/images/clients/client-1.png]
[zrtechsolutions.com/demo/html/technoit/assets/images/clients/client-2.png]
[zrtechsolutions.com/demo/html/technoit/assets/images/clients/client-3.png]
[zrtechsolutions.com/demo/html/technoit/assets/images/clients/client-4.png]
[zrtechsolutions.com/demo/html/technoit/assets/images/clients/client-5.png]
[zrtechsolutions.com/demo/html/technoit/assets/images/clients/client-6.png]
[zrtechsolutions.com/demo/html/technoit/assets/images/clients/client-7.png]
[zrtechsolutions.com/demo/html/technoit/assets/images/clients/client-8.png]
[zrtechsolutions.com/demo/html/technoit/assets/images/team/team-1.jpg]
[zrtechsolutions.com/demo/html/technoit/assets/images/team/team-2.jpg]
[zrtechsolutions.com/demo/html/technoit/assets/images/team/team-3.jpg]
[zrtechsolutions.com/demo/html/technoit/assets/images/team/team-4.jpg]
[zrtechsolutions.com/demo/html/technoit/assets/images/blog/blog-1.jpg]
[zrtechsolutions.com/demo/html/technoit/assets/images/blog/blog-2.jpg]
[zrtechsolutions.com/demo/html/technoit/assets/images/blog/blog-3.jpg]
[zrtechsolutions.com/demo/html/technoit/porfolio.html]
[zrtechsolutions.com/demo/html/technoit/faq.html]
[zrtechsolutions.com/demo/html/technoit/blogs-details.html]
[zrtechsolutions.com/demo/html/technoit/coming-soon.html]
[zrtechsolutions.com/demo/html/technoit/assets/javascripts/jquery.min.js]
[zrtechsolutions.com/demo/html/technoit/assets/vendor/glightbox/js/glightbox.min.js]
[zrtechsolutions.com/demo/html/technoit/assets/vendor/bootstrap/js/bootstrap.bundle.min.js]
[zrtechsolutions.com/demo/html/technoit/assets/vendor/aos/aos.js]
[zrtechsolutions.com/demo/html/technoit/assets/vendor/swiper/swiper-bundle.min.js]
[zrtechsolutions.com/demo/html/technoit/assets/javascripts/plugins.js]
[zrtechsolutions.com/demo/html/technoit/assets/javascripts/purecounter_vanilla.js]
[zrtechsolutions.com/demo/html/technoit/assets/javascripts/validator.min.js]
[zrtechsolutions.com/demo/html/technoit/assets/javascripts/contactform.js]
[zrtechsolutions.com/demo/html/technoit/assets/javascripts/particles.min.js]
[zrtechsolutions.com/demo/html/technoit/assets/javascripts/script.js]
[zrtechsolutions.com/demo/html/technoit/assets/javascripts/main.js]
[zrtechsolutions.com/demo/html/technoit/index.html]
[zrtechsolutions.com/demo/html/technoit/assets/vendor/aos/aos.css]
[zrtechsolutions.com/demo/html/technoit/assets/fonts/fontawesome-webfont3e6e.eot]
[zrtechsolutions.com/demo/html/technoit/assets/fonts/fontawesome-webfontd41d.eot]
[zrtechsolutions.com/demo/html/technoit/assets/fonts/fontawesome-webfont3e6e.woff2]
[zrtechsolutions.com/demo/html/technoit/assets/fonts/fontawesome-webfont3e6e.woff]
[zrtechsolutions.com/demo/html/technoit/assets/fonts/fontawesome-webfont3e6e.ttf]
[zrtechsolutions.com/demo/html/technoit/assets/fonts/fontawesome-webfont3e6e.svg]
[zrtechsolutions.com/demo/html/technoit/assets/stylesheets/font-awesome.min.css]
[zrtechsolutions.com/demo/html/technoit/assets/vendor/swiper/swiper-bundle.min.css]
[zrtechsolutions.com/demo/html/technoit/assets/vendor/glightbox/css/glightbox.min.css]
[zrtechsolutions.com/demo/html/technoit/assets/vendor/bootstrap/css/bootstrap.min.css]
[zrtechsolutions.com/demo/html/technoit/assets/vendor/bootstrap-icons/fonts/bootstrap-iconsd862.woff2]
[zrtechsolutions.com/demo/html/technoit/assets/vendor/bootstrap-icons/fonts/bootstrap-iconsd862.woff]
[zrtechsolutions.com/demo/html/technoit/assets/vendor/bootstrap-icons/bootstrap-icons.css]
[zrtechsolutions.com/demo/html/technoit/assets/images/page-header-bg.png]
[zrtechsolutions.com/demo/html/technoit/assets/images/hero-bg.png]
[zrtechsolutions.com/demo/html/technoit/assets/images/cta-bg.jpg]
[zrtechsolutions.com/demo/html/technoit/assets/stylesheets/styles.css]
[zrtechsolutions.com/demo/html/technoit/index-2.html]
[zrtechsolutions.com/demo/html/technoit/services.html]
[zrtechsolutions.com/demo/html/technoit/portfolio.html]
[zrtechsolutions.com/demo/html/technoit/testimonials.html]
[zrtechsolutions.com/demo/html/technoit/team.html]
[zrtechsolutions.com/demo/html/technoit/about.html]
[zrtechsolutions.com/demo/html/technoit/packages.html]
[zrtechsolutions.com/demo/html/technoit/faqs.html]
[zrtechsolutions.com/demo/html/technoit/privacy-policy.html]
[zrtechsolutions.com/demo/html/technoit/blogs.html]
[zrtechsolutions.com/demo/html/technoit/assets/images/blog/blog-4.jpg]
[zrtechsolutions.com/demo/html/technoit/assets/images/blog/blog-5.jpg]
[zrtechsolutions.com/demo/html/technoit/assets/images/blog/blog-6.jpg]
[zrtechsolutions.com/demo/html/technoit/blog-details.html]
[zrtechsolutions.com/demo/html/technoit/contact.html]
[zrtechsolutions.com/demo/html/technoit/assets/images/icons/service-design.svg]
[zrtechsolutions.com/demo/html/technoit/assets/images/icons/service-hosting.svg]
[zrtechsolutions.com/demo/html/technoit/assets/images/icons/service-social.svg]
[zrtechsolutions.com/demo/html/technoit/assets/images/icons/service-seo.svg]
[zrtechsolutions.com/demo/html/technoit/assets/images/icons/service-cloud.svg]
[zrtechsolutions.com/demo/html/technoit/assets/images/icons/service-secure.svg]
[zrtechsolutions.com/demo/html/technoit/assets/images/icons/icon-1.svg]
[zrtechsolutions.com/demo/html/technoit/assets/images/icons/icon-2.svg]
[zrtechsolutions.com/demo/html/technoit/assets/images/icons/icon-3.svg]
[zrtechsolutions.com/demo/html/technoit/assets/images/icons/icon-4.svg]
[zrtechsolutions.com/demo/html/technoit/assets/images/icons/icon-5.svg]
[zrtechsolutions.com/demo/html/technoit/assets/images/icons/icon-6.svg]
[zrtechsolutions.com/demo/html/technoit/assets/images/icons/happy-clients.svg]
[zrtechsolutions.com/demo/html/technoit/assets/images/icons/complete-projects.svg]
[zrtechsolutions.com/demo/html/technoit/assets/images/icons/hours-support.svg]
[zrtechsolutions.com/demo/html/technoit/porfolio.html]
[zrtechsolutions.com/demo/html/technoit/faq.html]
[zrtechsolutions.com/demo/html/technoit/blogs-details.html]
[zrtechsolutions.com/demo/html/technoit/coming-soon.html]
[zrtechsolutions.com/demo/html/technoit/assets/javascripts/jquery.min.js]
[zrtechsolutions.com/demo/html/technoit/assets/vendor/glightbox/js/glightbox.min.js]
[zrtechsolutions.com/demo/html/technoit/assets/vendor/bootstrap/js/bootstrap.bundle.min.js]
[zrtechsolutions.com/demo/html/technoit/assets/vendor/aos/aos.js]
[zrtechsolutions.com/demo/html/technoit/dist/index.html]
[zrtechsolutions.com/demo/html/technoit/l]
[zrtechsolutions.com/demo/html/technoit/e]
[zrtechsolutions.com/demo/html/technoit/t.params.url]
[zrtechsolutions.com/demo/html/technoit/assets/vendor/swiper/swiper-bundle.min.js]
[zrtechsolutions.com/demo/html/technoit/assets/javascripts/plugins.js]
[zrtechsolutions.com/demo/html/technoit/assets/javascripts/purecounter_vanilla.js]
[zrtechsolutions.com/demo/html/technoit/assets/javascripts/validator.min.js]
[zrtechsolutions.com/demo/html/technoit/assets/javascripts/contactform.js]
[zrtechsolutions.com/demo/html/technoit/GET]
[zrtechsolutions.com/demo/html/technoit/Error pJS - No image.src]
[zrtechsolutions.com/demo/html/technoit/assets/javascripts/particles.min.js]
[zrtechsolutions.com/demo/html/technoit/assets/javascripts/script.js]
[zrtechsolutions.com/demo/html/technoit/assets/javascripts/main.js]
[zrtechsolutions.com/demo/html/technoit/assets/fonts/fontawesome-webfont3e6e.html]
[zrtechsolutions.com/demo/html/technoit/assets/fonts/fontawesome-webfontd41d.html]
[zrtechsolutions.com/demo/html/technoit/assets/fonts/fontawesome-webfont3e6e-2.html]
[zrtechsolutions.com/demo/html/technoit/assets/fonts/fontawesome-webfont3e6e-3.html]
[zrtechsolutions.com/demo/html/technoit/assets/fonts/fontawesome-webfont3e6e-4.html]
[zrtechsolutions.com/demo/html/technoit/assets/fonts/fontawesome-webfont3e6e-5.html]
[zrtechsolutions.com/demo/html/technoit/assets/images/icons/down-arrow.svg]
[zrtechsolutions.com/demo/html/technoit/assets/images/cta-bg.html]
[zrtechsolutions.com/demo/html/technoit/dist/index.html]
[zrtechsolutions.com/demo/html/technoit/l.html]
[zrtechsolutions.com/demo/html/technoit/e.html]
[zrtechsolutions.com/demo/html/technoit/t.params.html]
[zrtechsolutions.com/demo/html/technoit/assets/phpscripts/contact.html]
[zrtechsolutions.com/demo/html/technoit/GET.html]
[zrtechsolutions.com/demo/html/technoit/Error pJS - No image.html]
